// Jest Snapshot v1, https://goo.gl/fbAQLP

exports[`snapshot create-post 1`] = `
<div
  className="create-post-page"
>
  <div
    className="sidebar"
  >
    <div
      className="greeting"
    >
      <i
        className="far fa-user-circle fa-2x"
      />
       
      Hi, Jeremy
    </div>
    <div
      className="profile"
    />
    <div
      className="chat"
    />
    <div
      className="logout"
    />
    <div
      className="ad"
    />
  </div>
  <div
    className="create-post"
  >
    <div
      className="post-input"
    >
      <h3>
        Create a Post
      </h3>
      <div
        className="all-fields"
      >
         
        <div
          className="post-text-fields"
        >
          <div
            className="post-field"
          >
            <div
              className="label"
            >
              Item Name
            </div>
            <input
              data-testid="item-name-input"
              onChange={[Function]}
            />
          </div>
          <div
            className="post-field"
          >
            <div
              className="label"
            >
              Price/Item
            </div>
            <input
              data-testid="price-input"
              onChange={[Function]}
            />
          </div>
          <div
            className="post-field"
          >
            <div
              className="label"
            >
              Target Quantity
            </div>
            <input
              data-testid="quantity-input"
              onChange={[Function]}
            />
          </div>
          <div
            className="post-field"
          >
            <div
              className="label"
            >
              Item Link
            </div>
            <input
              data-testid="link-input"
              onChange={[Function]}
            />
          </div>
        </div>
        <div
          className="description"
        >
          <div
            className="desc-label"
          >
            Description
          </div>
          <textarea
            className="desc"
            data-testid="description-input"
            onChange={[Function]}
          />
        </div>
        <div
          className="create-post-tags"
        >
          <div
            className="tags-label"
          >
            Tags
          </div>
          <div
            className="post-tags"
          >
            <div
              className="tag"
            >
              Tag1
            </div>
            <div
              className="tag"
            >
              Tag2
            </div>
            <div
              className="tag"
            >
              Tag3
            </div>
            <div
              className="tag"
            >
              Tag4
            </div>
            <div
              className="tag"
            >
              Tag5
            </div>
            <div
              className="tag"
            >
              Tag6
            </div>
          </div>
        </div>
      </div>
      <br />
      <div
        className="create-post-bottom"
      >
        <button
          className="create"
          onClick={[Function]}
          type="button"
        >
          Post
        </button>
        <button
          className="cancel"
          onClick={[Function]}
          type="button"
        >
          Cancel
        </button>
      </div>
    </div>
  </div>
</div>
`;
